2026-08-08 05:30:16.837: [INFO] CurrentProfilePath: D:\Code\Project\MotoSphereWithMicroservices\.metadata\.plugins\org.eclipse.swt\EBWebView\Default
2026-08-08 05:30:16.837: [INFO] Profiles total count: 1
2026-08-08 05:30:16.837: [INFO] Profile: name=Profile 1 path=D:\Code\Project\MotoSphereWithMicroservices\.metadata\.plugins\org.eclipse.swt\EBWebView\Default lastActive=null
2026-08-08 05:30:16.837: [INFO] LastUsedProfileDir: D:\Code\Project\MotoSphereWithMicroservices\.metadata\.plugins\org.eclipse.swt\EBWebView\Default
2026-08-08 05:30:16.837: [INFO] OnDoneLoading sync enabled: 0
2026-08-08 05:30:16.837: [INFO] BookmarkModelLoaded, ids_reassigned: 0
2026-08-08 05:30:16.837: [INFO] BookmarksLoadDropped droppedNodes=0
2026-08-08 05:30:16.837: [INFO] BookmarksSnapshot Startup total=0 bar=0 other=0 mobile=0 showBar=0 showBarNTP=1
2026-08-08 05:30:47.006: [INFO] BookmarksSnapshot Shutdown total=0 bar=0 other=0 mobile=0 showBar=0 showBarNTP=1
2026-08-08 05:30:47.108: [INFO] CurrentProfilePath: D:\Code\Project\MotoSphereWithMicroservices\.metadata\.plugins\org.eclipse.swt\EBWebView\Default
2026-08-08 05:30:47.108: [INFO] Profiles total count: 1
2026-08-08 05:30:47.108: [INFO] Profile: name=Profile 1 path=D:\Code\Project\MotoSphereWithMicroservices\.metadata\.plugins\org.eclipse.swt\EBWebView\Default lastActive=null
2026-08-08 05:30:47.108: [INFO] LastUsedProfileDir: D:\Code\Project\MotoSphereWithMicroservices\.metadata\.plugins\org.eclipse.swt\EBWebView\Default
2026-08-08 05:30:47.108: [INFO] OnDoneLoading sync enabled: 0
2026-08-08 05:30:47.108: [INFO] BookmarkModelLoaded, ids_reassigned: 0
2026-08-08 05:30:47.108: [INFO] BookmarksLoadDropped droppedNodes=0
2026-08-08 05:30:47.108: [INFO] BookmarksSnapshot Startup total=0 bar=0 other=0 mobile=0 showBar=0 showBarNTP=1
2026-08-08 05:30:48.771: [INFO] BookmarksSnapshot Shutdown total=0 bar=0 other=0 mobile=0 showBar=0 showBarNTP=1
2026-08-08 05:30:48.839: [INFO] CurrentProfilePath: D:\Code\Project\MotoSphereWithMicroservices\.metadata\.plugins\org.eclipse.swt\EBWebView\Default
2026-08-08 05:30:48.839: [INFO] Profiles total count: 1
2026-08-08 05:30:48.839: [INFO] Profile: name=Profile 1 path=D:\Code\Project\MotoSphereWithMicroservices\.metadata\.plugins\org.eclipse.swt\EBWebView\Default lastActive=null
2026-08-08 05:30:48.839: [INFO] LastUsedProfileDir: D:\Code\Project\MotoSphereWithMicroservices\.metadata\.plugins\org.eclipse.swt\EBWebView\Default
2026-08-08 05:30:48.839: [INFO] OnDoneLoading sync enabled: 0
2026-08-08 05:30:48.839: [INFO] BookmarkModelLoaded, ids_reassigned: 0
2026-08-08 05:30:48.839: [INFO] BookmarksLoadDropped droppedNodes=0
2026-08-08 05:30:48.839: [INFO] BookmarksSnapshot Startup total=0 bar=0 other=0 mobile=0 showBar=0 showBarNTP=1
2026-08-08 06:05:01.612: [INFO] BookmarksSnapshot Shutdown total=0 bar=0 other=0 mobile=0 showBar=0 showBarNTP=1
2026-08-09 13:04:38.151: [INFO] CurrentProfilePath: D:\Code\Project\MotoSphereWithMicroservices\.metadata\.plugins\org.eclipse.swt\EBWebView\Default
2026-08-09 13:04:38.151: [INFO] Profiles total count: 1
2026-08-09 13:04:38.151: [INFO] Profile: name=Profile 1 path=D:\Code\Project\MotoSphereWithMicroservices\.metadata\.plugins\org.eclipse.swt\EBWebView\Default lastActive=null
2026-08-09 13:04:38.151: [INFO] LastUsedProfileDir: D:\Code\Project\MotoSphereWithMicroservices\.metadata\.plugins\org.eclipse.swt\EBWebView\Default
2026-08-09 13:04:38.151: [INFO] OnDoneLoading sync enabled: 0
2026-08-09 13:04:38.151: [INFO] BookmarkModelLoaded, ids_reassigned: 0
2026-08-09 13:04:38.151: [INFO] BookmarksLoadDropped droppedNodes=0
2026-08-09 13:04:38.151: [INFO] BookmarksSnapshot Startup total=0 bar=0 other=0 mobile=0 showBar=0 showBarNTP=1
2026-08-09 13:10:47.265: [INFO] BookmarksSnapshot Shutdown total=0 bar=0 other=0 mobile=0 showBar=0 showBarNTP=1
2026-08-09 13:13:16.593: [INFO] CurrentProfilePath: D:\Code\Project\MotoSphereWithMicroservices\.metadata\.plugins\org.eclipse.swt\EBWebView\Default
2026-08-09 13:13:16.593: [INFO] Profiles total count: 1
2026-08-09 13:13:16.593: [INFO] Profile: name=Profile 1 path=D:\Code\Project\MotoSphereWithMicroservices\.metadata\.plugins\org.eclipse.swt\EBWebView\Default lastActive=null
2026-08-09 13:13:16.593: [INFO] LastUsedProfileDir: D:\Code\Project\MotoSphereWithMicroservices\.metadata\.plugins\org.eclipse.swt\EBWebView\Default
2026-08-09 13:13:16.593: [INFO] OnDoneLoading sync enabled: 0
2026-08-09 13:13:16.593: [INFO] BookmarkModelLoaded, ids_reassigned: 0
2026-08-09 13:13:16.593: [INFO] BookmarksLoadDropped droppedNodes=0
2026-08-09 13:13:16.593: [INFO] BookmarksSnapshot Startup total=0 bar=0 other=0 mobile=0 showBar=0 showBarNTP=1
2026-08-09 13:14:36.470: [INFO] BookmarksSnapshot Shutdown total=0 bar=0 other=0 mobile=0 showBar=0 showBarNTP=1
2026-08-09 13:57:15.298: [INFO] CurrentProfilePath: D:\Code\Project\MotoSphereWithMicroservices\.metadata\.plugins\org.eclipse.swt\EBWebView\Default
2026-08-09 13:57:15.298: [INFO] Profiles total count: 1
2026-08-09 13:57:15.298: [INFO] Profile: name=Profile 1 path=D:\Code\Project\MotoSphereWithMicroservices\.metadata\.plugins\org.eclipse.swt\EBWebView\Default lastActive=null
2026-08-09 13:57:15.298: [INFO] LastUsedProfileDir: D:\Code\Project\MotoSphereWithMicroservices\.metadata\.plugins\org.eclipse.swt\EBWebView\Default
2026-08-09 13:57:15.298: [INFO] OnDoneLoading sync enabled: 0
2026-08-09 13:57:15.298: [INFO] BookmarkModelLoaded, ids_reassigned: 0
2026-08-09 13:57:15.298: [INFO] BookmarksLoadDropped droppedNodes=0
2026-08-09 13:57:15.298: [INFO] BookmarksSnapshot Startup total=0 bar=0 other=0 mobile=0 showBar=0 showBarNTP=1
2026-08-09 13:57:31.696: [INFO] BookmarksSnapshot Shutdown total=0 bar=0 other=0 mobile=0 showBar=0 showBarNTP=1
2026-08-09 13:57:31.779: [INFO] CurrentProfilePath: D:\Code\Project\MotoSphereWithMicroservices\.metadata\.plugins\org.eclipse.swt\EBWebView\Default
2026-08-09 13:57:31.779: [INFO] Profiles total count: 1
2026-08-09 13:57:31.779: [INFO] Profile: name=Profile 1 path=D:\Code\Project\MotoSphereWithMicroservices\.metadata\.plugins\org.eclipse.swt\EBWebView\Default lastActive=null
2026-08-09 13:57:31.779: [INFO] LastUsedProfileDir: D:\Code\Project\MotoSphereWithMicroservices\.metadata\.plugins\org.eclipse.swt\EBWebView\Default
2026-08-09 13:57:31.779: [INFO] OnDoneLoading sync enabled: 0
2026-08-09 13:57:31.779: [INFO] BookmarkModelLoaded, ids_reassigned: 0
2026-08-09 13:57:31.779: [INFO] BookmarksLoadDropped droppedNodes=0
2026-08-09 13:57:31.779: [INFO] BookmarksSnapshot Startup total=0 bar=0 other=0 mobile=0 showBar=0 showBarNTP=1
2026-08-09 14:13:52.885: [INFO] BookmarksSnapshot Shutdown total=0 bar=0 other=0 mobile=0 showBar=0 showBarNTP=1
2026-08-10 13:33:28.160: [INFO] CurrentProfilePath: D:\Code\Project\MotoSphereWithMicroservices\.metadata\.plugins\org.eclipse.swt\EBWebView\Default
2026-08-10 13:33:28.160: [INFO] Profiles total count: 1
2026-08-10 13:33:28.160: [INFO] Profile: name=Profile 1 path=D:\Code\Project\MotoSphereWithMicroservices\.metadata\.plugins\org.eclipse.swt\EBWebView\Default lastActive=null
2026-08-10 13:33:28.160: [INFO] LastUsedProfileDir: D:\Code\Project\MotoSphereWithMicroservices\.metadata\.plugins\org.eclipse.swt\EBWebView\Default
2026-08-10 13:33:28.160: [INFO] OnDoneLoading sync enabled: 0
2026-08-10 13:33:28.160: [INFO] BookmarkModelLoaded, ids_reassigned: 0
2026-08-10 13:33:28.160: [INFO] BookmarksLoadDropped droppedNodes=0
2026-08-10 13:33:28.160: [INFO] BookmarksSnapshot Startup total=0 bar=0 other=0 mobile=0 showBar=0 showBarNTP=1
2026-08-10 18:19:12.364: [INFO] BookmarksSnapshot Shutdown total=0 bar=0 other=0 mobile=0 showBar=0 showBarNTP=1
2026-08-10 18:19:22.921: [INFO] CurrentProfilePath: D:\Code\Project\MotoSphereWithMicroservices\.metadata\.plugins\org.eclipse.swt\EBWebView\Default
2026-08-10 18:19:22.921: [INFO] Profiles total count: 1
2026-08-10 18:19:22.921: [INFO] Profile: name=Profile 1 path=D:\Code\Project\MotoSphereWithMicroservices\.metadata\.plugins\org.eclipse.swt\EBWebView\Default lastActive=null
2026-08-10 18:19:22.921: [INFO] LastUsedProfileDir: D:\Code\Project\MotoSphereWithMicroservices\.metadata\.plugins\org.eclipse.swt\EBWebView\Default
2026-08-10 18:19:22.921: [INFO] OnDoneLoading sync enabled: 0
2026-08-10 18:19:22.921: [INFO] BookmarkModelLoaded, ids_reassigned: 0
2026-08-10 18:19:22.921: [INFO] BookmarksLoadDropped droppedNodes=0
2026-08-10 18:19:22.921: [INFO] BookmarksSnapshot Startup total=0 bar=0 other=0 mobile=0 showBar=0 showBarNTP=1
2026-08-10 19:51:34.193: [INFO] BookmarksSnapshot Shutdown total=0 bar=0 other=0 mobile=0 showBar=0 showBarNTP=1
2026-08-13 18:53:15.686: [INFO] CurrentProfilePath: D:\Code\Project\MotoSphereWithMicroservices\.metadata\.plugins\org.eclipse.swt\EBWebView\Default
2026-08-13 18:53:15.686: [INFO] Profiles total count: 1
2026-08-13 18:53:15.686: [INFO] Profile: name=Profile 1 path=D:\Code\Project\MotoSphereWithMicroservices\.metadata\.plugins\org.eclipse.swt\EBWebView\Default lastActive=null
2026-08-13 18:53:15.686: [INFO] LastUsedProfileDir: D:\Code\Project\MotoSphereWithMicroservices\.metadata\.plugins\org.eclipse.swt\EBWebView\Default
2026-08-13 18:53:15.686: [INFO] OnDoneLoading sync enabled: 0
2026-08-13 18:53:15.686: [INFO] BookmarkModelLoaded, ids_reassigned: 0
2026-08-13 18:53:15.687: [INFO] BookmarksLoadDropped droppedNodes=0
2026-08-13 18:53:15.687: [INFO] BookmarksSnapshot Startup total=0 bar=0 other=0 mobile=0 showBar=0 showBarNTP=1
2026-08-13 19:26:15.346: [INFO] BookmarksSnapshot Shutdown total=0 bar=0 other=0 mobile=0 showBar=0 showBarNTP=1
2026-08-14 14:14:05.312: [INFO] CurrentProfilePath: D:\Code\Project\MotoSphereWithMicroservices\.metadata\.plugins\org.eclipse.swt\EBWebView\Default
2026-08-14 14:14:05.312: [INFO] Profiles total count: 1
2026-08-14 14:14:05.312: [INFO] Profile: name=Profile 1 path=D:\Code\Project\MotoSphereWithMicroservices\.metadata\.plugins\org.eclipse.swt\EBWebView\Default lastActive=null
2026-08-14 14:14:05.312: [INFO] LastUsedProfileDir: D:\Code\Project\MotoSphereWithMicroservices\.metadata\.plugins\org.eclipse.swt\EBWebView\Default
2026-08-14 14:14:05.312: [INFO] OnDoneLoading sync enabled: 0
2026-08-14 14:14:05.312: [INFO] BookmarkModelLoaded, ids_reassigned: 0
2026-08-14 14:14:05.312: [INFO] BookmarksLoadDropped droppedNodes=0
2026-08-14 14:14:05.312: [INFO] BookmarksSnapshot Startup total=0 bar=0 other=0 mobile=0 showBar=0 showBarNTP=1
2026-08-14 16:12:18.832: [INFO] BookmarksSnapshot Shutdown total=0 bar=0 other=0 mobile=0 showBar=0 showBarNTP=1
2026-08-18 17:57:56.890: [INFO] CurrentProfilePath: D:\Code\Project\MotoSphereWithMicroservices\.metadata\.plugins\org.eclipse.swt\EBWebView\Default
2026-08-18 17:57:56.890: [INFO] Profiles total count: 1
2026-08-18 17:57:56.890: [INFO] Profile: name=Profile 1 path=D:\Code\Project\MotoSphereWithMicroservices\.metadata\.plugins\org.eclipse.swt\EBWebView\Default lastActive=null
2026-08-18 17:57:56.890: [INFO] LastUsedProfileDir: D:\Code\Project\MotoSphereWithMicroservices\.metadata\.plugins\org.eclipse.swt\EBWebView\Default
2026-08-18 17:57:56.890: [INFO] OnDoneLoading sync enabled: 0
2026-08-18 17:57:56.890: [INFO] BookmarkModelLoaded, ids_reassigned: 0
2026-08-18 17:57:56.890: [INFO] BookmarksLoadDropped droppedNodes=0
2026-08-18 17:57:56.890: [INFO] BookmarksSnapshot Startup total=0 bar=0 other=0 mobile=0 showBar=0 showBarNTP=1
2026-08-18 18:03:04.227: [INFO] BookmarksSnapshot Shutdown total=0 bar=0 other=0 mobile=0 showBar=0 showBarNTP=1
2026-08-18 18:06:41.932: [INFO] CurrentProfilePath: D:\Code\Project\MotoSphereWithMicroservices\.metadata\.plugins\org.eclipse.swt\EBWebView\Default
2026-08-18 18:06:41.933: [INFO] Profiles total count: 1
2026-08-18 18:06:41.933: [INFO] Profile: name=Profile 1 path=D:\Code\Project\MotoSphereWithMicroservices\.metadata\.plugins\org.eclipse.swt\EBWebView\Default lastActive=null
2026-08-18 18:06:41.933: [INFO] LastUsedProfileDir: D:\Code\Project\MotoSphereWithMicroservices\.metadata\.plugins\org.eclipse.swt\EBWebView\Default
2026-08-18 18:06:41.933: [INFO] OnDoneLoading sync enabled: 0
2026-08-18 18:06:41.933: [INFO] BookmarkModelLoaded, ids_reassigned: 0
2026-08-18 18:06:41.933: [INFO] BookmarksLoadDropped droppedNodes=0
2026-08-18 18:06:41.933: [INFO] BookmarksSnapshot Startup total=0 bar=0 other=0 mobile=0 showBar=0 showBarNTP=1
2026-08-19 05:25:04.370: [INFO] BookmarksSnapshot Shutdown total=0 bar=0 other=0 mobile=0 showBar=0 showBarNTP=1
2026-08-19 19:45:12.225: [INFO] CurrentProfilePath: D:\Code\Project\MotoSphereWithMicroservices\.metadata\.plugins\org.eclipse.swt\EBWebView\Default
2026-08-19 19:45:12.225: [INFO] Profiles total count: 1
2026-08-19 19:45:12.225: [INFO] Profile: name=Profile 1 path=D:\Code\Project\MotoSphereWithMicroservices\.metadata\.plugins\org.eclipse.swt\EBWebView\Default lastActive=null
2026-08-19 19:45:12.225: [INFO] LastUsedProfileDir: D:\Code\Project\MotoSphereWithMicroservices\.metadata\.plugins\org.eclipse.swt\EBWebView\Default
2026-08-19 19:45:12.225: [INFO] OnDoneLoading sync enabled: 0
2026-08-19 19:45:12.225: [INFO] BookmarkModelLoaded, ids_reassigned: 0
2026-08-19 19:45:12.225: [INFO] BookmarksLoadDropped droppedNodes=0
2026-08-19 19:45:12.225: [INFO] BookmarksSnapshot Startup total=0 bar=0 other=0 mobile=0 showBar=0 showBarNTP=1
2026-08-21 03:01:50.108: [INFO] BookmarksSnapshot Shutdown total=0 bar=0 other=0 mobile=0 showBar=0 showBarNTP=1
2026-08-21 10:05:13.250: [INFO] CurrentProfilePath: D:\Code\Project\MotoSphereWithMicroservices\.metadata\.plugins\org.eclipse.swt\EBWebView\Default
2026-08-21 10:05:13.250: [INFO] Profiles total count: 1
2026-08-21 10:05:13.253: [INFO] Profile: name=Profile 1 path=D:\Code\Project\MotoSphereWithMicroservices\.metadata\.plugins\org.eclipse.swt\EBWebView\Default lastActive=2026-08-20T14:17:37.151Z
2026-08-21 10:05:13.253: [INFO] LastUsedProfileDir: D:\Code\Project\MotoSphereWithMicroservices\.metadata\.plugins\org.eclipse.swt\EBWebView\Default
2026-08-21 10:05:13.253: [INFO] MostRecentlyActiveProfile: name=Profile 1 path=D:\Code\Project\MotoSphereWithMicroservices\.metadata\.plugins\org.eclipse.swt\EBWebView\Default lastActive=2026-08-20T14:17:37.151Z
2026-08-21 10:05:13.253: [INFO] OnDoneLoading sync enabled: 0
2026-08-21 10:05:13.253: [INFO] BookmarkModelLoaded, ids_reassigned: 0
2026-08-21 10:05:13.253: [INFO] BookmarksLoadDropped droppedNodes=0
2026-08-21 10:05:13.253: [INFO] BookmarksSnapshot Startup total=0 bar=0 other=0 mobile=0 showBar=0 showBarNTP=1
2026-08-21 14:18:34.816: [INFO] BookmarksSnapshot Shutdown total=0 bar=0 other=0 mobile=0 showBar=0 showBarNTP=1
2026-08-21 14:18:46.012: [INFO] CurrentProfilePath: D:\Code\Project\MotoSphereWithMicroservices\.metadata\.plugins\org.eclipse.swt\EBWebView\Default
2026-08-21 14:18:46.012: [INFO] Profiles total count: 1
2026-08-21 14:18:46.014: [INFO] Profile: name=Profile 1 path=D:\Code\Project\MotoSphereWithMicroservices\.metadata\.plugins\org.eclipse.swt\EBWebView\Default lastActive=2026-08-20T14:17:37.151Z
2026-08-21 14:18:46.014: [INFO] LastUsedProfileDir: D:\Code\Project\MotoSphereWithMicroservices\.metadata\.plugins\org.eclipse.swt\EBWebView\Default
2026-08-21 14:18:46.014: [INFO] MostRecentlyActiveProfile: name=Profile 1 path=D:\Code\Project\MotoSphereWithMicroservices\.metadata\.plugins\org.eclipse.swt\EBWebView\Default lastActive=2026-08-20T14:17:37.151Z
2026-08-21 14:18:46.014: [INFO] OnDoneLoading sync enabled: 0
2026-08-21 14:18:46.014: [INFO] BookmarkModelLoaded, ids_reassigned: 0
2026-08-21 14:18:46.014: [INFO] BookmarksLoadDropped droppedNodes=0
2026-08-21 14:18:46.014: [INFO] BookmarksSnapshot Startup total=0 bar=0 other=0 mobile=0 showBar=0 showBarNTP=1
2026-08-22 03:39:18.685: [INFO] BookmarksSnapshot Shutdown total=0 bar=0 other=0 mobile=0 showBar=0 showBarNTP=1
